   ███████░  ██████████░ ██████░ ██░    ███░   ████████░   ██░           ███░ ████████░
 ███░    ██░ ██░           ██░   ██░  ███░   ███░     ███░ ███░   ███░   ██░  ██░     ██░
███░         ██░           ██░   ██░███░     ██░       ██░  ██░  █████░ ███░  ██░      ██░
██░          ████████░     ██░   ████░       ██░       ██░  ███░ ██░██░ ██░   ██░      ██░
███░         ██░           ██░   ██░███░     ██░       ██░   ██░██░ ██░██░    ██░      ██░
 ███░    ██░ ██░           ██░   ██░  ███░   ███░     ███░   ████░   ████░    ██░     ██░
   ███████░  ██████████░ ██████░ ██░    ███░   ████████░      ██░     ██░     ████████░
